Sjasm Z80 Assembler v0.42c - www.xl2s.tk             [2019.09.23 - 15:05:38]

HelloWorld.asm
Errors: 38

       1   00:0000                      ; =======================================================================
       2   00:0000                      ; Teste de chamadas de funcoes gerais
       3   00:0000                      ; Manoel Neto 2019-0923
       4   00:0000                      ; =======================================================================
HelloWorld.asm(5) : Unrecognized instruction: &4000
       5   00:0000                      org &4000
       6   00:0000  41 42                 db "AB"
       7   00:0002  09 00                 dw Main
       8   00:0004  00 00 00 00 00        db 00,00,00,00,00
       9   00:0009                      
      10   00:0009                      Main:
      11   00:0009  CD 1E 00              call ClearScreen
      12   00:000C  CD 24 00              call InitTxt32Col
      13   00:000F  21 9B 00              ld hl, Message
      14   00:0012  CD 3A 00              call PrintString
      15   00:0015  CD 2E 00              call NewLine
      16   00:0018  3E 64                 ld a,100
      17   00:001A  CD 47 00              call PrintNumber
      18   00:001D  F3                    DI
HelloWorld.asm(19) : Unrecognized instruction: Halt
      19   00:001E                        Halt
      20   00:001E                      
      21   00:001E                        include "library/CZLibrary.asm"
       1.  00:001E                      ; ======================================================================
       2.  00:001E                      ; Funcoes Assembly para MSX
       3.  00:001E                      ; Manoel Neto 2019-09-23
       4.  00:001E                      ; ======================================================================
library\CZLibrary.asm(5) : Error opening file: library\library\msx1bios.asm
       5.  00:001E                      include "library/msx1bios.asm"
library\CZLibrary.asm(6) : Error opening file: library\library\msx1hooks.asm
       6.  00:001E                      include "library/msx1hooks.asm"
library\CZLibrary.asm(7) : Error opening file: library\library\msx1variables.asm
       7.  00:001E                      include "library/msx1variables.asm"
       8.  00:001E                      
       9.  00:001E                      ; ======================================================================
      10.  00:001E                      ; Limpar a tela
      11.  00:001E                      ; ======================================================================
      12.  00:001E                      ; Nao usa parametros
      13.  00:001E                      ; ======================================================================
      14.  00:001E                      ; Altera => Nada
      15.  00:001E                      ; ======================================================================
      16.  00:001E                      ClearScreen:
      17.  00:001E  F5                      push af
      18.  00:001F  AF                        xor a
library\CZLibrary.asm(19) : Label not found: CLS
      19.  00:0020  CD 00 00                  call CLS
      20.  00:0023  F1                      pop af
      21.  00:0024                      ret
      22.  00:0024                      
      23.  00:0024                      ; ======================================================================
      24.  00:0024                      ; Setar modo texto 32 colunas
      25.  00:0024                      ; ======================================================================
      26.  00:0024                      ; Nao usa parametros
      27.  00:0024                      ; ======================================================================
      28.  00:0024                      ; Altera => Nada
      29.  00:0024                      ; ======================================================================
      30.  00:0024                      InitTxt32Col:
      31.  00:0024  F5                    push af
library\CZLibrary.asm(32) : Label not found: INIT32
      32.  00:0025  CD 00 00                call INIT32
      33.  00:0028  3E 20                   ld a,32
library\CZLibrary.asm(34) : Label not found: LINLEN
      34.  00:002A  32 00 00                ld (LINLEN),a
      35.  00:002D  F1                    pop af
library\CZLibrary.asm(36) : Duplicate labelname: ret
      36.  00:002E                      ret
      37.  00:002E                      
      38.  00:002E                      ; ======================================================================
      39.  00:002E                      ; Imprime uma Nova linha
      40.  00:002E                      ; ======================================================================
      41.  00:002E                      ; Nao usa parametros
      42.  00:002E                      ; ======================================================================
      43.  00:002E                      ; Nada
      44.  00:002E                      ; ======================================================================
      45.  00:002E                      NewLine:
      46.  00:002E  F5                  	push af
      47.  00:002F  3E 0D               		ld a, 13
library\CZLibrary.asm(48) : Label not found: CHPUT
      48.  00:0031  CD 00 00            		call CHPUT
      49.  00:0034  3E 0A               		ld a, 10
library\CZLibrary.asm(50) : Label not found: CHPUT
      50.  00:0036  CD 00 00            		call CHPUT
      51.  00:0039  F1                  	pop af
library\CZLibrary.asm(52) : Duplicate labelname: ret
      52.  00:003A                      ret
      53.  00:003A                      
      54.  00:003A                      ; ======================================================================
      55.  00:003A                      ; Imprime uma string terminada em ENTER(13)
      56.  00:003A                      ; ======================================================================
      57.  00:003A                      ; HL => Endereco da string
      58.  00:003A                      ; ======================================================================
      59.  00:003A                      ; Altera => A,HL
      60.  00:003A                      ; ======================================================================
      61.  00:003A                      PrintString:
      62.  00:003A  7E                  	ld a,(hl)
      63.  00:003B  FE 0D               	cp 13
      64.  00:003D  CA 47 00            	jp z,EndString
library\CZLibrary.asm(65) : Label not found: CHPUT
      65.  00:0040  CD 00 00            	call CHPUT
      66.  00:0043  23                  	inc hl
      67.  00:0044  C3 3A 00            	jp PrintString
      68.  00:0047                      EndString:
library\CZLibrary.asm(69) : Duplicate labelname: ret
      69.  00:0047                      ret
      70.  00:0047                      
      71.  00:0047                      ; ======================================================================
      72.  00:0047                      ; Imprime um Numero
      73.  00:0047                      ; ======================================================================
      74.  00:0047                      ; A => Numero a ser impresso (8 bits, 255)
      75.  00:0047                      ; ======================================================================
      76.  00:0047                      ; Altera => A,HL,D
      77.  00:0047                      ; ======================================================================
      78.  00:0047                      PrintNumber:
      79.  00:0047  21 81 00            	ld hl,Centenas
library\CZLibrary.asm(80) : Syntax error
      80.  00:004A                      	ld (hl),&00
      81.  00:004A  21 81 00            	ld hl,Dezenas
library\CZLibrary.asm(82) : Syntax error
      82.  00:004D                      	ld (hl),&00
      83.  00:004D  21 81 00            	ld hl,Unidades
library\CZLibrary.asm(84) : Syntax error
      84.  00:0050                      	ld (hl),&00
      85.  00:0050                      ContaCentenas:
library\CZLibrary.asm(86) : Syntax error
      86.  00:0050                      	ld d,&64
      87.  00:0050  21 81 00            	ld hl,Centenas
      88.  00:0053                      ProximaCentena:
      89.  00:0053  92                  	sub d
      90.  00:0054  38 01               	jr c,ContarDezenas
      91.  00:0056  34                  	inc (hl)
library\CZLibrary.asm(92) : Unrecognized instruction: ProximaCentena
      92.  00:0057                      jr ProximaCentena
      93.  00:0057                      
      94.  00:0057                      ContarDezenas:
      95.  00:0057  82                  	add a,d
library\CZLibrary.asm(96) : Syntax error
      96.  00:0058                      	ld d,&0a
      97.  00:0058  21 81 00            	ld hl,Dezenas
      98.  00:005B                      ProximaDezena:
      99.  00:005B  92                  	sub d
     100.  00:005C  38 01               	jr c,ContaUnidades
     101.  00:005E  34                  	inc (hl)
library\CZLibrary.asm(102) : Duplicate labelname: jr
library\CZLibrary.asm(102) : Unrecognized instruction: ProximaDezena
     102.  00:005F                      jr ProximaDezena
     103.  00:005F                      
     104.  00:005F                      ContaUnidades:
     105.  00:005F  82                  	add a,d
     106.  00:0060  32 81 00            	ld (Unidades),a
     107.  00:0063  16 00               	ld d,0
     108.  00:0065                      
     109.  00:0065                      ImprimeCentenas:
     110.  00:0065  3A 81 00            	ld a,(Centenas)
library\CZLibrary.asm(111) : Syntax error
     111.  00:0068                      	cp &00
     112.  00:0068  28 05               	jr z,ImprimeDezenas
library\CZLibrary.asm(113) : Syntax error
     113.  00:006A                      	add a,&30
library\CZLibrary.asm(114) : Label not found: CHPUT
     114.  00:006A  CD 00 00            	call CHPUT
     115.  00:006D  16 01               	ld d,1
     116.  00:006F                      ImprimeDezenas:
     117.  00:006F  3A 81 00            	ld a,(Dezenas)
     118.  00:0072  82                  	add a,d
library\CZLibrary.asm(119) : Syntax error
     119.  00:0073                      	cp &00
     120.  00:0073  28 06               	jr z,ImprimeUnidades
     121.  00:0075  92                  	sub d
     122.  00:0076  16 01               	ld d,1
library\CZLibrary.asm(123) : Syntax error
     123.  00:0078                      	add a,&30
library\CZLibrary.asm(124) : Label not found: CHPUT
     124.  00:0078  CD 00 00            	call CHPUT
     125.  00:007B                      ImprimeUnidades:
     126.  00:007B  3A 81 00            	ld a,(Unidades)
library\CZLibrary.asm(127) : Syntax error
     127.  00:007E                      	add a,&30
library\CZLibrary.asm(128) : Label not found: CHPUT
     128.  00:007E  CD 00 00            	call CHPUT
library\CZLibrary.asm(129) : Duplicate labelname: ret
     129.  00:0081                      ret
     130.  00:0081                      
     131.  00:0081                      Centenas:
library\CZLibrary.asm(132) : Syntax error
     132.  00:0081                      	defb &00
     133.  00:0081                      Dezenas:
library\CZLibrary.asm(134) : Syntax error
     134.  00:0081                      	defb &00
     135.  00:0081                      Unidades:
library\CZLibrary.asm(136) : Syntax error
     136.  00:0081                      	defb &00
     137.  00:0081                      
     138.  00:0081                      ; ======================================================================
     139.  00:0081                      ; Limpa uma string terminada em ENTER(13)
     140.  00:0081                      ; ======================================================================
     141.  00:0081                      ; HL => Endereco da string
     142.  00:0081                      ; ======================================================================
     143.  00:0081                      ; Altera => A, HL
     144.  00:0081                      ; ======================================================================
     145.  00:0081                      ClearString:
     146.  00:0081  7E                  	ld a,(hl)
     147.  00:0082  FE 0D               	cp 13
     148.  00:0084  CA 8E 00            	jp z,LimpouString
     149.  00:0087  3E 20               	ld a,' '
     150.  00:0089  77                  	ld (hl),a
     151.  00:008A  23                  	inc hl
     152.  00:008B  C3 81 00            	jp ClearString
     153.  00:008E                      LimpouString:
library\CZLibrary.asm(154) : Duplicate labelname: ret
     154.  00:008E                      ret
     155.  00:008E                      
     156.  00:008E                      ; ======================================================================
     157.  00:008E                      ; Zerar uma Matriz terminada em 255
     158.  00:008E                      ; ======================================================================
     159.  00:008E                      ; HL => Endereco da Matriz
     160.  00:008E                      ; ======================================================================
     161.  00:008E                      ; ALTERA => A,HL
     162.  00:008E                      ; ======================================================================
     163.  00:008E                      ClearMatrix:
     164.  00:008E  7E                  	ld a,(hl)
     165.  00:008F  FE FF               	cp 255
     166.  00:0091  CA 9B 00            	jp z,ZerouMatriz
     167.  00:0094  3E 00               	ld a,0
     168.  00:0096  77                  	ld (hl),a
     169.  00:0097  23                  	inc hl
     170.  00:0098  C3 8E 00            	jp ClearMatrix
     171.  00:009B                      ZerouMatriz:
library\CZLibrary.asm(172) : Duplicate labelname: ret
     172.  00:009B                      ret
      22   00:009B                      
      23   00:009B                      Message:
      24   00:009B                        db "Ola Mundo!",13
      24   00:009B  4F 6C 61 20 4D 75 6E 64 6F 21 0D 
      25   00:00A6                      
HelloWorld.asm(26) : Duplicate labelname: org
HelloWorld.asm(26) : Unrecognized instruction: &c000
      26   00:00A6                      org &C000 ; PAD para 32K

    LABELS
-------------------------------------------------
00:00000000 X org
00:00000009   Main
00:0000001E   ClearScreen
00:00000024 X ret
00:00000024   InitTxt32Col
00:0000002E   NewLine
00:0000003A   PrintString
00:00000047   EndString
00:00000047   PrintNumber
00:00000050 X ContaCentenas
00:00000053 X ProximaCentena
00:00000057 X jr
00:00000057   ContarDezenas
00:0000005B X ProximaDezena
00:0000005F   ContaUnidades
00:00000065 X ImprimeCentenas
00:0000006F   ImprimeDezenas
00:0000007B   ImprimeUnidades
00:00000081   Centenas
00:00000081   Dezenas
00:00000081   Unidades
00:00000081   ClearString
00:0000008E   LimpouString
00:0000008E   ClearMatrix
00:0000009B   ZerouMatriz
00:0000009B   Message


 Output: HelloWorld.rom
-------------------------------------------------

 Page: 00
  Org: 00000000  Size: *  Used: 000000A6

   Address   Length Align   Label
   00000000     166         org
